// Jest Snapshot v1, https://goo.gl/fbAQLP

exports[`Renders the button using the variant NaN 1`] = `[Function]`;

exports[`Renders the button using the variant NaN 2`] = `[Function]`;

exports[`Renders the button using the variant NaN 3`] = `[Function]`;

exports[`Renders the button using the variant NaN 4`] = `[Function]`;
